// Vitest Snapshot v1, https://vitest.dev/guide/snapshot.html

exports[`DarkModeToggleButton > should have a snapshot match 1`] = `
.c0 {
  all: unset;
  box-sizing: border-box;
  font-size: 16px;
  font-weight: 500;
  padding: 8px 16px;
  color: var(--white-color);
  background-color: transparent;
  border: none;
  border-radius: 16px;
  cursor: pointer;
}

.c0:hover {
  background-color: var(--hovering-color);
  color: var(--white-color);
}

.c0:disabled {
  border: none;
  color: var(--gray-color);
  background-color: transparent;
  text-decoration: line-through;
}

<button
  class="c0"
>
  목록으로 돌아가기
</button>
`;
