// Vitest Snapshot v1, https://vitest.dev/guide/snapshot.html

exports[`SpecialTag > should have a snapshot match 1`] = `
.c0 {
  padding: 4px 8px;
  justify-content: center;
  align-items: center;
  background-color: var(--gray-color);
  border-radius: 4px;
  font-size: 12px;
  font-weight: 400;
  color: var(--white-color);
}

<span
  class="c0"
>
  kuman514
</span>
`;
